// Vitest Snapshot v1, https://vitest.dev/guide/snapshot.html

exports[`functional:CharacterReader > iterator > should iterate over all characters 1`] = `
[
  "a",
  "b",
  "c",
  "d",
  "e",
  "f",
  "g",
  "h",
  "i",
  "j",
  "k",
  "l",
  "m",
  "n",
  "o",
  "p",
  "q",
  "r",
  "s",
  "t",
  "u",
  "v",
  "w",
  "x",
  "y",
  "z",
  "
",
]
`;
